%!Adobe-FontList 1.18
%Locale:0x410

%BeginFont
Handler:DirectoryHandler
FontType:TrueType
FontName:EanBwrP36Tt
FamilyName:EanBwrP36Tt
StyleName:Normal
FullName:EanBwrP36Tt
MenuName:EanBwrP36Tt
StyleBits:0
WritingScript:Roman
OutlineFileName:C:\Users\SDR1\Desktop\MATERIALE MARKETING\Templates - ZIP FILES\Sito nuovo\GIA' ZIPPATI\Line Sheet Template\Document fonts\eanbwrp36tt.ttf
DataFormat:sfntData
hasSVG:no
FileLength:10004
FileModTime:1458841270
WeightClass:400
WidthClass:5
AngleClass:0
NameArray:0,Mac,4,EanBwrP36Tt
NameArray:0,Win,1,EanBwrP36Tt
%EndFont

%BeginFont
Handler:DirectoryHandler
FontType:TrueType
FontName:Roboto-Bold
FamilyName:Roboto
StyleName:Bold
FullName:Roboto Bold
MenuName:Roboto
StyleBits:2
WritingScript:Roman
OutlineFileName:C:\Users\SDR1\Desktop\MATERIALE MARKETING\Templates - ZIP FILES\Sito nuovo\GIA' ZIPPATI\Line Sheet Template\Document fonts\Roboto-Bold.ttf
DataFormat:sfntData
hasSVG:no
FileLength:135820
FileModTime:1458841271
WeightClass:700
WidthClass:5
AngleClass:0
NameArray:0,Mac,18,Roboto Bold
NameArray:0,Mac,4,Roboto Bold
NameArray:0,Win,1,Roboto
%EndFont

%BeginFont
Handler:DirectoryHandler
FontType:TrueType
FontName:Roboto-Italic
FamilyName:Roboto
StyleName:Italic
FullName:Roboto Italic
MenuName:Roboto
StyleBits:1
WritingScript:Roman
OutlineFileName:C:\Users\SDR1\Desktop\MATERIALE MARKETING\Templates - ZIP FILES\Sito nuovo\GIA' ZIPPATI\Line Sheet Template\Document fonts\Roboto-Italic.ttf
DataFormat:sfntData
hasSVG:no
FileLength:148540
FileModTime:1458841271
WeightClass:400
WidthClass:5
AngleClass:0
NameArray:0,Mac,18,Roboto Italic
NameArray:0,Mac,4,Roboto Italic
NameArray:0,Win,1,Roboto
%EndFont

%BeginFont
Handler:DirectoryHandler
FontType:TrueType
FontName:Roboto-Regular
FamilyName:Roboto
StyleName:Regular
FullName:Roboto Regular
MenuName:Roboto
StyleBits:0
WritingScript:Roman
OutlineFileName:C:\Users\SDR1\Desktop\MATERIALE MARKETING\Templates - ZIP FILES\Sito nuovo\GIA' ZIPPATI\Line Sheet Template\Document fonts\Roboto-Regular.ttf
DataFormat:sfntData
hasSVG:no
FileLength:145348
FileModTime:1458841271
WeightClass:400
WidthClass:5
AngleClass:0
NameArray:0,Mac,18,Roboto Regular
NameArray:0,Mac,4,Roboto Regular
NameArray:0,Win,1,Roboto
%EndFont

%BeginFont
Handler:DirectoryHandler
FontType:TrueType
FontName:Ubuntu-Bold
FamilyName:Ubuntu
StyleName:Bold
FullName:Ubuntu Bold
MenuName:Ubuntu
StyleBits:2
WritingScript:Roman
OutlineFileName:C:\Users\SDR1\Desktop\MATERIALE MARKETING\Templates - ZIP FILES\Sito nuovo\GIA' ZIPPATI\Line Sheet Template\Document fonts\Ubuntu-B.ttf
DataFormat:sfntData
hasSVG:no
FileLength:333616
FileModTime:1458841271
WeightClass:700
WidthClass:5
AngleClass:0
NameArray:0,Mac,4,Ubuntu Bold
NameArray:0,Win,1,Ubuntu
%EndFont

%BeginFont
Handler:DirectoryHandler
FontType:TrueType
FontName:Ubuntu
FamilyName:Ubuntu
StyleName:Regular
FullName:Ubuntu
MenuName:Ubuntu
StyleBits:0
WritingScript:Roman
OutlineFileName:C:\Users\SDR1\Desktop\MATERIALE MARKETING\Templates - ZIP FILES\Sito nuovo\GIA' ZIPPATI\Line Sheet Template\Document fonts\Ubuntu-R.ttf
DataFormat:sfntData
hasSVG:no
FileLength:353824
FileModTime:1458841271
WeightClass:400
WidthClass:5
AngleClass:0
NameArray:0,Mac,4,Ubuntu
NameArray:0,Win,1,Ubuntu
%EndFont

